<!DOCTYPE html>
<html lang="en">
<head>
    <meta charset="UTF-8">
    <meta name="viewport" content="width=device-width, initial-scale=1.0">
    <title>Document</title>
</head>
<body>
    <section>
      <img src="Logo.jpg" alt="">
      <br>
      <button>Home</button>
      <button>Services</button>
      <button>Portfolio</button>
      <button>About</button>
      <button>Contact</button>
    </section>
   
    
    <section>
      <img src="Title-Services.jpg" alt="">
      <br>


      <img src="Combined shape 134.jpg" alt="">
      <h2>  E-Commerce</h2>
      <p>Proin iaculis purus consequat sem cure digni ssim. Donec porttitora entum suscipit aenean rhoncus posuere odio in tincidunt.</p>
      <br>

      <img src="Combined shape 132.jpg" alt="">
      <h2> Responsive Web</h2>
      <p>Proin iaculis purus consequat sem cure digni ssim. Donec porttitora entum suscipit aenean rhoncus posuere odio in tincidunt.</p>
      <br>

      <img src="Combined shape 130.jpg" alt="">
      <h2>Web Security</h2>
      <p>Proin iaculis purus consequat sem cure digni ssim. Donec porttitora entum suscipit aenean rhoncus posuere odio in tincidunt.</p>
      <br>
    </section>
   


    <footer>
       <h1>Title-Contact Us</h1>
        <br>

        <input type="text">your name
        <br>
        <input type="text">Your E-mail *
        <br>
        <input type="text">Subject
        <br>
        <input type="text">Your Message
        <br>

        <button>Send Message</button>




    </footer>


</body>
</html>